***** External Functions *****
1    AppSearch                                          isrt.obl(Driver.obs)
2    CCPSearch                                          isrt.obl(Driver.obs)
3    CloseFile                                          isrt.obl(Files.obs)
4    CmdGetHwndDlg                                      isrt.obl(CustomDlg.obs)
5    ComponentCompareSizeRequired                       isrt.obl(component.obs)
6    ComponentErrorInfo                                 isrt.obl(component.obs)
7    ComponentFilterLanguage                            isrt.obl(component.obs)
8    ComponentFilterOS                                  isrt.obl(component.obs)
9    ComponentGetData                                   isrt.obl(component.obs)
10   ComponentGetTotalCost                              isrt.obl(component.obs)
11   ComponentIsItemSelected                            isrt.obl(component.obs)
12   ComponentListItems                                 isrt.obl(component.obs)
13   ComponentReinstall                                 isrt.obl(component.obs)
14   ComponentRemoveAll                                 isrt.obl(component.obs)
15   ComponentSaveTarget                                isrt.obl(component.obs)
16   ComponentSelectItem                                isrt.obl(component.obs)
17   ComponentSetTarget                                 isrt.obl(component.obs)
18   ComponentSetupTypeEnum                             isrt.obl(component.obs)
19   ComponentSetupTypeGetData                          isrt.obl(component.obs)
20   ComponentSetupTypeSet                              isrt.obl(component.obs)
21   ComponentTransferData                              isrt.obl(component.obs)
22   ComponentTreeInit                                  isrt.obl(Dialogs.obs)
23   CreateDir                                          isrt.obl(Files.obs)
24   CreateFile                                         isrt.obl(Files.obs)
25   CreateInstallationInfo                             isrt.obl(Registry.obs)
26   CtrlGetCurSel                                      isrt.obl(CustomDlg.obs)
27   CtrlGetNotificationCode                            isrt.obl(CustomDlg.obs)
28   CtrlGetState                                       isrt.obl(CustomDlg.obs)
29   CtrlGetSubCommand                                  isrt.obl(CustomDlg.obs)
30   CtrlGetText                                        isrt.obl(CustomDlg.obs)
31   CtrlPGroups                                        isrt.obl(CustomDlg.obs)
32   CtrlSelectText                                     isrt.obl(CustomDlg.obs)
33   CtrlSetCurSel                                      isrt.obl(CustomDlg.obs)
34   CtrlSetList                                        isrt.obl(CustomDlg.obs)
35   CtrlSetMLEText                                     isrt.obl(CustomDlg.obs)
36   CtrlSetState                                       isrt.obl(CustomDlg.obs)
37   CtrlSetText                                        isrt.obl(CustomDlg.obs)
38   DefineDialog                                       isrt.obl(CustomDlg.obs)
39   DeleteFile                                         isrt.obl(Files.obs)
40   DialogSetDefaultFont                               isrt.obl(Dialogs.obs)
41   DialogSetFont                                      isrt.obl(Dialogs.obs)
42   DialogSetInfo                                      isrt.obl(Dialogs.obs)
43   Disable                                            isrt.obl(Enable.obs)
44   DiskSizeToStr                                      isrt.obl(SDINT.obs)
45   Divide                                             isrt.obl(Misc.obs)
46   DllSizeOf                                          isrt.obl(Str.obs)
47   Do                                                 isrt.obl(Misc.obs)
48   Enable                                             isrt.obl(Enable.obs)
49   EndDialog                                          isrt.obl(CustomDlg.obs)
50   EnterDisk                                          isrt.obl(EnterDisk.obs)
51   ExistsDir                                          isrt.obl(Files.obs)
52   ExistsDisk                                         isrt.obl(Files.obs)
53   ExitInstall                                        isrt.obl(Driver.obs)
54   EzDefineDialog                                     isrt.obl(CustomDlg.obs)
55   FinalConstruct                                     ifx.obl(Events.obs)
56   FinalRelease                                       ifx.obl(Events.obs)
57   FindFile                                           isrt.obl(Files.obs)
58   FormatMessage                                      isrt.obl(Misc.obs)
59   GDI32.CreateRectRgn                                isrt.obl(AskDestPath.obs)
60   GDI32.GetDeviceCaps                                isrt.obl(AskDestPath.obs)
61   GetBillboard                                       isrt.obl(SysVars.obs)
62   GetDialogTitle                                     isrt.obl(Dialogs.obs)
63   GetDir                                             isrt.obl(Str.obs)
64   GetDisk                                            isrt.obl(Str.obs)
65   GetDiskSpace                                       isrt.obl(GSI.obs)
66   GetDiskSpaceEx                                     isrt.obl(GSI.obs)
67   GetErrorMsg                                        isrt.obl(Dialogs.obs)
68   GetErrorTitle                                      isrt.obl(Dialogs.obs)
69   GetExtents                                         isrt.obl(GSI.obs)
70   GetFolderNameList                                  isrt.obl(Shell.obs)
71   GetFolderPrograms                                  isrt.obl(SysVars.obs)
72   GetISRes                                           isrt.obl(SysVars.obs)
73   GetLine                                            isrt.obl(Files.obs)
74   GetLog                                             isrt.obl(SysVars.obs)
75   GetMaintenance                                     isrt.obl(SysVars.obs)
76   GetOpenFileMode                                    isrt.obl(Files.obs)
77   GetProductGUID                                     isrt.obl(SysVars.obs)
78   GetProfString                                      isrt.obl(Profile.obs)
79   GetProgramFiles                                    isrt.obl(SysVars.obs)
80   GetSelectedLanguage                                isrt.obl(SysVars.obs)
81   GetSelectedTreeComponent                           isrt.obl(CmptView.obs)
82   GetSupportDir                                      isrt.obl(SysVars.obs)
83   GetSystemInfo                                      isrt.obl(GSI.obs)
84   GetWinDir                                          isrt.obl(SysVars.obs)
85   GetWinSysDir                                       isrt.obl(SysVars.obs)
86   GetWindowHandle                                    isrt.obl(Misc.obs)
87   HIWORD                                             isrt.obl(Misc.obs)
88   HexStrToNum                                        isrt.obl(Str.obs)
89   ISDeterminePlatform                                isrt.obl(OsInfo.obs)
90   ISMIF32.InstallStatusMIF                           isrt.obl(MIF.obs)
91   ISRT.ComponentViewSetInfoEx                        isrt.obl(Dialogs.obs)
92   ISRT.EnableHourGlass                               isrt.obl(Enable.obs)
93   ISRT.EnumFoldersItems                              isrt.obl(Shell.obs)
94   ISRT.GetCPUType                                    isrt.obl(GSI.obs)
95   ISRT.GetFontSub                                    isrt.obl(Dialogs.obs)
96   ISRT.GetHandle                                     Setup.Obs
97   ISRT.GetPorts                                      isrt.obl(GSI.obs)
98   ISRT.IsEmpty                                       Setup.Obs
99   ISRT.IsNTAdmin                                     isrt.obl(Is.obs)
100  ISRT.IsObject                                      Setup.Obs
101  ISRT.LangLoadString                                isrt.obl(SDINT.obs)
102  ISRT.MessageBeepP                                  Setup.Obs
103  ISRT.PathCompactPathPixel                          isrt.obl(CustomDlg.obs)
104  ISRT.PathGetDir                                    isrt.obl(Str.obs)
105  ISRT.PathGetDrive                                  isrt.obl(Str.obs)
106  ISRT.PathGetFile                                   isrt.obl(Str.obs)
107  ISRT.PathGetFileExt                                isrt.obl(Str.obs)
108  ISRT.PathGetFileName                               isrt.obl(Str.obs)
109  ISRT.PathGetPath                                   isrt.obl(Str.obs)
110  ISRT.PathGetSpecialFolder                          isrt.obl(SysVars.obs)
111  ISRT.PathIsValidSyntax                             isrt.obl(Is.obs)
112  ISRT._AppSearch                                    Setup.Obs
113  ISRT._BrowseForFolder                              isrt.obl(SelectDir.obs)
114  ISRT._CCPSearch                                    Setup.Obs
115  ISRT._CleanupInet                                  isrt.obl(MIO.obs)
116  ISRT._CloseFile                                    isrt.obl(Files.obs)
117  ISRT._CmdGetHwndDlg                                isrt.obl(CustomDlg.obs)
118  ISRT._ComponentCompareSizeRequired                 isrt.obl(component.obs)
119  ISRT._ComponentErrorInfo                           isrt.obl(component.obs)
120  ISRT._ComponentFilterLanguage                      isrt.obl(component.obs)
121  ISRT._ComponentFilterOS                            isrt.obl(component.obs)
122  ISRT._ComponentGetData                             isrt.obl(component.obs)
123  ISRT._ComponentGetTotalCost                        isrt.obl(component.obs)
124  ISRT._ComponentIsItemSelected                      isrt.obl(component.obs)
125  ISRT._ComponentListItems                           isrt.obl(component.obs)
126  ISRT._ComponentReinstall                           isrt.obl(component.obs)
127  ISRT._ComponentRemoveAll                           isrt.obl(component.obs)
128  ISRT._ComponentSaveTarget                          isrt.obl(component.obs)
129  ISRT._ComponentSelectItem                          isrt.obl(component.obs)
130  ISRT._ComponentSetupTypeEnum                       isrt.obl(component.obs)
131  ISRT._ComponentSetupTypeGetData                    isrt.obl(component.obs)
132  ISRT._ComponentSetupTypeSet                        isrt.obl(component.obs)
133  ISRT._ComponentTransferData                        isrt.obl(component.obs)
134  ISRT._CreateDir                                    isrt.obl(Files.obs)
135  ISRT._CtrlGetNotificationCode                      isrt.obl(CustomDlg.obs)
136  ISRT._CtrlGetSubCommand                            isrt.obl(CustomDlg.obs)
137  ISRT._DefineDialog                                 isrt.obl(CustomDlg.obs)
138  ISRT._DialogSetFont                                isrt.obl(Dialogs.obs)
139  ISRT._DisableStatus                                isrt.obl(Enable.obs)
140  ISRT._Divide                                       isrt.obl(Misc.obs)
141  ISRT._DoSprintf                                    isrt.obl(MsgBox.obs)
142  ISRT._EnableDialogCache                            isrt.obl(Enable.obs)
143  ISRT._EnablePrevDialog                             isrt.obl(AskDestPath.obs)
144  ISRT._EnableStatus                                 isrt.obl(Enable.obs)
145  ISRT._EndDialog                                    isrt.obl(CustomDlg.obs)
146  ISRT._ExistsDir                                    isrt.obl(Files.obs)
147  ISRT._ExistsDisk                                   isrt.obl(Files.obs)
148  ISRT._ExistsFile                                   isrt.obl(Files.obs)
149  ISRT._ExitInstall                                  Setup.Obs
150  ISRT._GetDiskSpaceEx                               isrt.obl(GSI.obs)
151  ISRT._GetLine                                      isrt.obl(Files.obs)
152  ISRT._GetSelectedTreeComponent                     isrt.obl(CmptView.obs)
153  ISRT._GetSupportDir                                isrt.obl(SysVars.obs)
154  ISRT._InetEndofTransfer                            isrt.obl(iftw.obs)
155  ISRT._InetGetLastError                             isrt.obl(iftw.obs)
156  ISRT._InetGetNextDisk                              isrt.obl(iftw.obs)
157  ISRT._InitInstall                                  Setup.Obs
158  ISRT._ListAddItem                                  isrt.obl(scrlist.obs)
159  ISRT._ListAddString                                isrt.obl(scrlist.obs)
160  ISRT._ListCount                                    isrt.obl(scrlist.obs)
161  ISRT._ListCreate                                   isrt.obl(scrlist.obs)
162  ISRT._ListCurrentString                            isrt.obl(scrlist.obs)
163  ISRT._ListDeleteString                             isrt.obl(scrlist.obs)
164  ISRT._ListDestroy                                  isrt.obl(scrlist.obs)
165  ISRT._ListFindString                               isrt.obl(scrlist.obs)
166  ISRT._ListGetFirstItem                             isrt.obl(scrlist.obs)
167  ISRT._ListGetFirstString                           isrt.obl(scrlist.obs)
168  ISRT._ListGetNextItem                              isrt.obl(scrlist.obs)
169  ISRT._ListGetNextString                            isrt.obl(scrlist.obs)
170  ISRT._ListGetType                                  isrt.obl(scrlist.obs)
171  ISRT._ListReadFromFile                             isrt.obl(scrlist.obs)
172  ISRT._ListSetIndex                                 isrt.obl(scrlist.obs)
173  ISRT._OpenFile                                     isrt.obl(Files.obs)
174  ISRT._Rebooted                                     Setup.Obs
175  ISRT._RegCreateKey                                 isrt.obl(Registry.obs)
176  ISRT._RegQueryKeyBinaryValue                       isrt.obl(Registry.obs)
177  ISRT._RegQueryKeyValue                             isrt.obl(Registry.obs)
178  ISRT._RegSetKeyBinaryValue                         isrt.obl(Registry.obs)
179  ISRT._RegSetKeyValue                               isrt.obl(Registry.obs)
180  ISRT._ReleaseDialog                                isrt.obl(CustomDlg.obs)
181  ISRT._SetAltMainImage                              isrt.obl(Dialogs.obs)
182  ISRT._SetDisplayEffect                             isrt.obl(ui.obs)
183  ISRT._SetPaletteFile                               isrt.obl(MIO.obs)
184  ISRT._SetTitle                                     isrt.obl(ui.obs)
185  ISRT._SetupInet                                    isrt.obl(MIO.obs)
186  ISRT._ShowObjWizardPages                           isrt.obl(Objects.obs)
187  ISRT._ShowWizardPages                              Setup.Obs
188  ISRT._StatusUpdate                                 isrt.obl(ui.obs)
189  ISRT._TreeViewCreate                               isrt.obl(CmptView.obs)
190  ISRT._WaitOnDialog                                 isrt.obl(CustomDlg.obs)
191  ISRT._WriteLine                                    isrt.obl(Files.obs)
192  ISRT.__CreateObjectContext                         isrt.obl(ISRTInit.obs)
193  ISRT.__GetCmdLineOptions                           isrt.obl(ISRTInit.obs)
194  ISRT.__GetContextGUID                              isrt.obl(ISRTInit.obs)
195  ISRT.__GetFileRegistrar                            isrt.obl(ISRTInit.obs)
196  ISRT.__GetInfo                                     isrt.obl(ISRTInit.obs)
197  ISRT.__GetLog                                      isrt.obl(SysVars.obs)
198  ISRT.__GetLogDB                                    isrt.obl(ISRTInit.obs)
199  ISRT.__GetMainWindow                               Setup.Obs
200  ISRT.__GetMaintenanceMode                          isrt.obl(SysVars.obs)
201  ISRT.__GetProductGuid                              isrt.obl(SysVars.obs)
202  ISRT.__GetProgress                                 Setup.Obs
203  ISRT.__GetReboot                                   isrt.obl(ISRTInit.obs)
204  ISRT.__GetTextSub                                  isrt.obl(ISRTInit.obs)
205  ISRT.__GetUser                                     isrt.obl(MIO.obs)
206  ISRT.__ISRTGetPropertyBag                          ifx.obl(PersistPropertyBag.obs)
207  ISRT.__ISRTReleasePropertyBag                      ifx.obl(PersistPropertyBag.obs)
208  ISRT.__LoadString                                  isrt.obl(LoadStr.obs)
209  ISRT.__ReleaseObjectContext                        isrt.obl(ISRTInit.obs)
210  ISRT.__RestoreMainLog                              isrt.obl(ISRTInit.obs)
211  ISRT.__SetComponentLog                             isrt.obl(ISRTInit.obs)
212  IfxFilterComponents                                ifx.obl(MoveData.obs)
213  IfxFinalConstruct                                  ifx.obl(EventsMIO.obs)
214  IfxFinalRelease                                    ifx.obl(EventsMIO.obs)
215  IfxInitProperties                                  ifx.obl(PersistPropertyBag.obs)
216  IfxMoveFileData                                    ifx.obl(MoveData.obs)
217  IfxOnAbortInstall                                  ifx.obl(Events.obs)
218  IfxOnAppSearch                                     ifx.obl(Events.obs)
219  IfxOnCCPSearch                                     ifx.obl(Events.obs)
220  IfxOnCanceling                                     ifx.obl(Events.obs)
221  IfxOnDisk1Installed                                ifx.obl(EventsMIO.obs)
222  IfxOnDisk1Installing                               ifx.obl(EventsMIO.obs)
223  IfxOnExitInstall                                   ifx.obl(EventsMIO.obs)
224  IfxOnFileError                                     ifx.obl(Exceptions.obs)
225  IfxOnFileLocked                                    ifx.obl(Exceptions.obs)
226  IfxOnFileReadOnly                                  ifx.obl(Exceptions.obs)
227  IfxOnHelp                                          ifx.obl(Events.obs)
228  IfxOnInitInstall                                   ifx.obl(EventsMIO.obs)
229  IfxOnInternetError                                 ifx.obl(Exceptions.obs)
230  IfxOnMD5Error                                      ifx.obl(Exceptions.obs)
231  IfxOnNextDisk                                      ifx.obl(Exceptions.obs)
232  IfxOnRebooted                                      ifx.obl(Events.obs)
233  IfxOnRemovingSharedFile                            ifx.obl(Exceptions.obs)
234  IfxOnShowWizardPages                               ifx.obl(UserInterfaceMIO.obs)
235  IfxOnTransferred                                   ifx.obl(Events.obs)
236  IfxOnTransferring                                  ifx.obl(EventsMIO.obs)
237  IfxOnUnhandledException                            ifx.obl(Events.obs)
238  IfxReadProperties                                  ifx.obl(PersistPropertyBag.obs)
239  IfxRunAfterReboot                                  ifx.obl(Driver.obs)
240  IfxWriteProperties                                 ifx.obl(PersistPropertyBag.obs)
241  InetEndofTransfer                                  isrt.obl(iftw.obs)
242  InetErrorDisplayMode                               isrt.obl(iftw.obs)
243  InetGetLastError                                   isrt.obl(iftw.obs)
244  InetNextDisk                                       isrt.obl(iftw.obs)
245  InitInstall                                        isrt.obl(Driver.obs)
246  InitProperties                                     ifx.obl(PersistPropertyBag.obs)
247  Is                                                 isrt.obl(Is.obs)
248  IsInetInstall                                      isrt.obl(iftw.obs)
249  KERNEL.GetModuleHandle                             Setup.Obs
250  KERNEL32.CloseHandle                               isrt.obl(AskDestPath.obs)
251  KERNEL32.CreateFileA                               isrt.obl(AskDestPath.obs)
252  KERNEL32.DeleteFileA                               isrt.obl(AskDestPath.obs)
253  KERNEL32.FindClose                                 isrt.obl(AskDestPath.obs)
254  KERNEL32.FindFirstFileA                            isrt.obl(AskDestPath.obs)
255  KERNEL32.FindNextFileA                             isrt.obl(AskDestPath.obs)
256  KERNEL32.FormatMessageA                            isrt.obl(AskDestPath.obs)
257  KERNEL32.GetDriveType                              isrt.obl(AskDestPath.obs)
258  KERNEL32.GetFileAttributesA                        isrt.obl(AskDestPath.obs)
259  KERNEL32.GetLocalTime                              isrt.obl(AskDestPath.obs)
260  KERNEL32.GetLocaleInfo                             isrt.obl(AskDestPath.obs)
261  KERNEL32.GetPrivateProfileString                   isrt.obl(AskDestPath.obs)
262  KERNEL32.GetPrivateProfileStringA                  isrt.obl(AskDestPath.obs)
263  KERNEL32.GetProfileStringA                         isrt.obl(AskDestPath.obs)
264  KERNEL32.GetShortPathNameA                         isrt.obl(AskDestPath.obs)
265  KERNEL32.GetSystemDefaultLCID                      isrt.obl(AskDestPath.obs)
266  KERNEL32.GetUserDefaultLangID                      isrt.obl(AskDestPath.obs)
267  KERNEL32.GetVersion                                isrt.obl(AskDestPath.obs)
268  KERNEL32.GetVersionEx                              isrt.obl(AskDestPath.obs)
269  KERNEL32.GetVolumeInformation                      isrt.obl(AskDestPath.obs)
270  KERNEL32.GetWindowsDirectory                       isrt.obl(AskDestPath.obs)
271  KERNEL32.GlobalMemoryStatus                        isrt.obl(AskDestPath.obs)
272  KERNEL32.SetFileAttributesA                        isrt.obl(AskDestPath.obs)
273  KERNEL32.WritePrivateProfileString                 isrt.obl(AskDestPath.obs)
274  KERNEL32.WritePrivateProfileStringA                isrt.obl(AskDestPath.obs)
275  KERNEL32.WriteProfileStringA                       isrt.obl(AskDestPath.obs)
276  KERNEL32.lstrlen                                   isrt.obl(AskDestPath.obs)
277  LOWORD                                             isrt.obl(Misc.obs)
278  ListAddItem                                        isrt.obl(scrlist.obs)
279  ListAddString                                      isrt.obl(scrlist.obs)
280  ListCount                                          isrt.obl(scrlist.obs)
281  ListCreate                                         isrt.obl(scrlist.obs)
282  ListCurrentString                                  isrt.obl(scrlist.obs)
283  ListDeleteString                                   isrt.obl(scrlist.obs)
284  ListDestroy                                        isrt.obl(scrlist.obs)
285  ListFindString                                     isrt.obl(scrlist.obs)
286  ListGetFirstItem                                   isrt.obl(scrlist.obs)
287  ListGetFirstString                                 isrt.obl(scrlist.obs)
288  ListGetNextItem                                    isrt.obl(scrlist.obs)
289  ListGetNextString                                  isrt.obl(scrlist.obs)
290  ListGetType                                        isrt.obl(scrlist.obs)
291  ListReadFromFile                                   isrt.obl(scrlist.obs)
292  ListSetIndex                                       isrt.obl(scrlist.obs)
293  LongPathToQuote                                    isrt.obl(Str.obs)
294  LongPathToShortPath                                isrt.obl(Str.obs)
295  MAKELONG                                           isrt.obl(Misc.obs)
296  MIFCreateMIFFile                                   isrt.obl(MIF.obs)
297  MIFDeleteMIFFile                                   isrt.obl(MIF.obs)
298  MIFInitialize                                      isrt.obl(MIF.obs)
299  MIFSetInformation                                  isrt.obl(MIF.obs)
300  MIFUnInitialize                                    isrt.obl(MIF.obs)
301  MIFWasSetInformationCalled                         isrt.obl(MIF.obs)
302  MIOShutdown                                        isrt.obl(MIO.obs)
303  MIOStartup                                         isrt.obl(MIO.obs)
304  MaintenanceStart                                   isrt.obl(Registry.obs)
305  MessageBeep                                        isrt.obl(Misc.obs)
306  MessageBox                                         isrt.obl(MsgBox.obs)
307  OnAbort                                            ifx.obl(Events.obs)
308  OnAppSearch                                        ifx.obl(Events.obs)
309  OnBegin                                            ifx.obl(Events.obs)
310  OnCCPSearch                                        ifx.obl(Events.obs)
311  OnCanceling                                        ifx.obl(EventsMIO.obs)
312  OnComponentError                                   ifx.obl(Exceptions.obs)
313  OnEnd                                              ifx.obl(Events.obs)
314  OnFileError                                        ifx.obl(Exceptions.obs)
315  OnFileLocked                                       ifx.obl(Exceptions.obs)
316  OnFileReadOnly                                     ifx.obl(Exceptions.obs)
317  OnFirstUIAfter                                     ifx.obl(UserInterfaceMIO.obs)
318  OnFirstUIBefore                                    Setup.Obs
319  OnHelp                                             ifx.obl(Events.obs)
320  OnInternetError                                    ifx.obl(Exceptions.obs)
321  OnMD5Error                                         ifx.obl(Exceptions.obs)
322  OnMaintUIAfter                                     ifx.obl(UserInterfaceMIO.obs)
323  OnMaintUIBefore                                    ifx.obl(UserInterfaceMIO.obs)
324  OnMoved                                            Setup.Obs
325  OnMoving                                           Setup.Obs
326  OnNextDisk                                         ifx.obl(Exceptions.obs)
327  OnRebooted                                         ifx.obl(Events.obs)
328  OnRemovingSharedFile                               ifx.obl(Exceptions.obs)
329  OnSelfRegistrationError                            ifx.obl(Events.obs)
330  OnUnhandledException                               ifx.obl(Events.obs)
331  OpenFile                                           isrt.obl(Files.obs)
332  OpenFileMode                                       isrt.obl(Files.obs)
333  ParsePath                                          isrt.obl(Str.obs)
334  ProgDefGroupType                                   isrt.obl(Shell.obs)
335  ProgGetGroupType                                   isrt.obl(Shell.obs)
336  PthFixPath                                         isrt.obl(Pth.obs)
337  PthIsAbsPath                                       isrt.obl(Pth.obs)
338  ReadProperties                                     ifx.obl(PersistPropertyBag.obs)
339  Rebooted                                           isrt.obl(Driver.obs)
340  RegDBGetKeyValueEx                                 isrt.obl(Registry.obs)
341  RegDBInit                                          isrt.obl(Registry.obs)
342  RegDBQueryValue                                    isrt.obl(Registry.obs)
343  RegDBSetDefaultRoot                                isrt.obl(Registry.obs)
344  RegDBSetItem                                       isrt.obl(Registry.obs)
345  RegDBSetValue                                      isrt.obl(Registry.obs)
346  ReleaseDialog                                      isrt.obl(CustomDlg.obs)
347  SdAskDestPath                                      isrt.obl(SDADPATH.obs)
348  SdCloseDlg                                         isrt.obl(SDINT.obs)
349  SdComponentDlgCheckSpace                           isrt.obl(SDINT.obs)
350  SdComponentTree                                    isrt.obl(SDCOMTREE.obs)
351  SdDlgToTop                                         isrt.obl(SDINT.obs)
352  SdDoStdButton                                      isrt.obl(SDINT.obs)
353  SdEnablement                                       isrt.obl(SDINT.obs)
354  SdError                                            isrt.obl(SDINT.obs)
355  SdExceptions                                       isrt.obl(SdExceptions.obs)
356  SdFinish                                           isrt.obl(SDFINISH.obs)
357  SdFinishEx                                         isrt.obl(SdFinishEx.obs)
358  SdFinishReboot                                     isrt.obl(SDFINBOT.obs)
359  SdGeneralInit                                      isrt.obl(SDINT.obs)
360  SdInit                                             isrt.obl(SDINT.obs)
361  SdIsShellExplorer                                  isrt.obl(SDINT.obs)
362  SdIsStdButton                                      isrt.obl(SDINT.obs)
363  SdLicense                                          isrt.obl(SDLIC.obs)
364  SdLoadString                                       isrt.obl(SDINT.obs)
365  SdMakeName                                         isrt.obl(SDINT.obs)
366  SdPlugInProductName                                isrt.obl(SDINT.obs)
367  SdProductName                                      isrt.obl(SDPRODCT.obs)
368  SdRemoveEndSpace                                   isrt.obl(SDINT.obs)
369  SdSelectFolder                                     isrt.obl(SDSFDR.obs)
370  SdSetDlgTitle                                      isrt.obl(SDINT.obs)
371  SdSetStatic                                        isrt.obl(SDINT.obs)
372  SdSetupTypeEx                                      isrt.obl(Sdstypex.obs)
373  SdShowDlgEdit1                                     isrt.obl(SDSEDT1.obs)
374  SdShowInfoList                                     isrt.obl(SDSINFOL.obs)
375  SdStartCopy                                        isrt.obl(SDSCOPY.obs)
376  SdUnInit                                           isrt.obl(SDINT.obs)
377  SdVerifyFolder                                     isrt.obl(SDINT.obs)
378  SdWelcome                                          isrt.obl(SDWEL.obs)
379  SdWelcomeMaint                                     isrt.obl(SdWelcomeMaint.obs)
380  SelectDir                                          isrt.obl(SelectDir.obs)
381  SelectDirNoLog                                     isrt.obl(SelectDir.obs)
382  SendMessage                                        isrt.obl(Misc.obs)
383  SetCmdLine                                         isrt.obl(SysVars.obs)
384  SetDialogTitle                                     isrt.obl(Dialogs.obs)
385  SetDisplayEffect                                   isrt.obl(ui.obs)
386  SetFolderDesktop                                   isrt.obl(SysVars.obs)
387  SetFolderPrograms                                  isrt.obl(SysVars.obs)
388  SetFolderStartMenu                                 isrt.obl(SysVars.obs)
389  SetFolderStartup                                   isrt.obl(SysVars.obs)
390  SetInstallationInfo                                isrt.obl(Registry.obs)
391  SetStatusWindow                                    isrt.obl(ui.obs)
392  SetTitle                                           isrt.obl(ui.obs)
393  ShowObjWizardPages                                 isrt.obl(Objects.obs)
394  ShowWizardPages                                    isrt.obl(Driver.obs)
395  SilentCreateFile                                   isrt.obl(Silent.obs)
396  SilentDoGeneralInfo                                isrt.obl(Silent.obs)
397  SilentFailed                                       isrt.obl(Silent.obs)
398  SilentFinish                                       isrt.obl(Silent.obs)
399  SilentGetMode                                      isrt.obl(Silent.obs)
400  SilentInit                                         isrt.obl(Silent.obs)
401  SilentLogWriteData                                 isrt.obl(Silent.obs)
402  SilentReadData                                     isrt.obl(Silent.obs)
403  SilentSetInfo                                      isrt.obl(Silent.obs)
404  SilentSetMode                                      isrt.obl(Silent.obs)
405  SilentWriteData                                    isrt.obl(Silent.obs)
406  Sprintf                                            isrt.obl(Str.obs)
407  SprintfBox                                         isrt.obl(MsgBox.obs)
408  StatusUpdate                                       isrt.obl(ui.obs)
409  StrGetTokens                                       isrt.obl(Str.obs)
410  StrLength                                          isrt.obl(Str.obs)
411  StrRemoveLastSlash                                 isrt.obl(Str.obs)
412  StrRemoveSpaces                                    isrt.obl(Str.obs)
413  StrToUpper                                         isrt.obl(Str.obs)
414  SysVarsInit                                        isrt.obl(SysVars.obs)
415  SysVarsUnInit                                      isrt.obl(SysVars.obs)
416  System                                             isrt.obl(Misc.obs)
417  TreeViewCreate                                     isrt.obl(CmptView.obs)
418  USER.EnableWindow                                  Setup.Obs
419  USER.GetClassName                                  Setup.Obs
420  USER.GetClientRect                                 Setup.Obs
421  USER.GetDC                                         Setup.Obs
422  USER.GetDlgItem                                    Setup.Obs
423  USER.GetFocus                                      Setup.Obs
424  USER.GetWindowLong                                 Setup.Obs
425  USER.GetWindowRect                                 Setup.Obs
426  USER.IsIconic                                      Setup.Obs
427  USER.IsWindow                                      Setup.Obs
428  USER.IsWindowVisible                               isrt.obl(AskDestPath.obs)
429  USER.MoveWindow                                    Setup.Obs
430  USER.ReleaseDC                                     Setup.Obs
431  USER.SendMessageA                                  isrt.obl(AskDestPath.obs)
432  USER.SetFocus                                      Setup.Obs
433  USER.SetForegroundWindow                           isrt.obl(AskDestPath.obs)
434  USER.SetWindowPos                                  Setup.Obs
435  USER.SetWindowText                                 Setup.Obs
436  USER.ShowWindow                                    Setup.Obs
437  USER32.CharUpperBuffA                              isrt.obl(AskDestPath.obs)
438  USER32.DrawText                                    isrt.obl(AskDestPath.obs)
439  USER32.GetSystemMetrics                            isrt.obl(AskDestPath.obs)
440  USER32.GetWindowText                               isrt.obl(AskDestPath.obs)
441  USER32.GetWindowTextLength                         isrt.obl(AskDestPath.obs)
442  USER32.MessageBoxA                                 isrt.obl(AskDestPath.obs)
443  USER32.ScreenToClient                              isrt.obl(AskDestPath.obs)
444  USER32.SendMessageA                                isrt.obl(AskDestPath.obs)
445  USER32.SetWindowLong                               isrt.obl(AskDestPath.obs)
446  USER32.SetWindowRgn                                isrt.obl(AskDestPath.obs)
447  VarRestore                                         isrt.obl(SysVars.obs)
448  VarSave                                            isrt.obl(SysVars.obs)
449  WaitOnDialog                                       isrt.obl(CustomDlg.obs)
450  WriteLine                                          isrt.obl(Files.obs)
451  WriteProfString                                    isrt.obl(Profile.obs)
452  WriteProperties                                    ifx.obl(PersistPropertyBag.obs)
453  _HandleException                                   isrt.obl(exceptions.obs)
454  _WinSubEnableControl                               isrt.obl(WINSUB.obs)
455  _WinSubEnableWindow                                isrt.obl(WINSUB.obs)
456  _WinSubGetChildWindow                              isrt.obl(WINSUB.obs)
457  _WinSubIsWindow                                    isrt.obl(WINSUB.obs)
458  __DefaultExitHandler                               isrt.obl(handlers.obs)
459  __ISRTDoExit                                       isrt.obl(Misc.obs)
460  __ISRTInit                                         isrt.obl(ISRTInit.obs)
461  __ISRTRestoreMainLog                               isrt.obl(ISRTInit.obs)
462  __ISRTSetComponentLog                              isrt.obl(ISRTInit.obs)
463  __ISRTUnInit                                       isrt.obl(ISRTInit.obs)
464  __LoadIScriptString                                isrt.obl(LoadStr.obs)
465  program                                            ifx.obl(Driver.obs)
466  sfc.SRSetRestorePoint                              Setup.Obs


***** External Variables *****
1    BATCH_INSTALL                                      Setup.Obs
2    CMDLINE                                            isrt.obl(DebugSymbols.obs)
3    COMMONFILES                                        isrt.obl(DebugSymbols.obs)
4    DISK1TARGET                                        Setup.Obs
5    ERRORFILENAME                                      Setup.Obs
6    Err                                                Setup.Obs
7    FILETIME                                           isrt.obl(AskDestPath.obs)
8    FIND_DATA                                          isrt.obl(AskDestPath.obs)
9    FOLDER_DESKTOP                                     isrt.obl(DebugSymbols.obs)
10   FOLDER_PROGRAMS                                    isrt.obl(DebugSymbols.obs)
11   FOLDER_STARTMENU                                   isrt.obl(DebugSymbols.obs)
12   FOLDER_STARTUP                                     isrt.obl(DebugSymbols.obs)
13   FileRegistrar                                      Setup.Obs
14   ISRES                                              isrt.obl(DebugSymbols.obs)
15   ISUSER                                             isrt.obl(DebugSymbols.obs)
16   ISVERSION                                          isrt.obl(DebugSymbols.obs)
17   InetSRCDIR                                         Setup.Obs
18   LAST_RESULT                                        Setup.Obs
19   LogDB                                              Setup.Obs
20   MAINTENANCE                                        isrt.obl(DebugSymbols.obs)
21   MEDIA                                              Setup.Obs
22   MEMORYSTATUS                                       isrt.obl(AskDestPath.obs)
23   MODE                                               isrt.obl(DebugSymbols.obs)
24   MainWindow                                         Setup.Obs
25   NOTHING                                            Setup.Obs
26   OSINFO_PLATFORM_INFO                               Setup.Obs
27   OSVERSIONINFO                                      isrt.obl(AskDestPath.obs)
28   PRODUCT_GUID                                       isrt.obl(DebugSymbols.obs)
29   PROGRAMFILES                                       isrt.obl(DebugSymbols.obs)
30   RECT                                               isrt.obl(AskDestPath.obs)
31   Reboot                                             Setup.Obs
32   SELECTED_LANGUAGE                                  isrt.obl(DebugSymbols.obs)
33   SHELL_OBJECT_FOLDER                                Setup.Obs
34   SRCDIR                                             Setup.Obs
35   SRCDISK                                            isrt.obl(DebugSymbols.obs)
36   SUPPORTDIR                                         isrt.obl(DebugSymbols.obs)
37   SYSTEMTIME                                         isrt.obl(AskDestPath.obs)
38   SetupInfo                                          Setup.Obs
39   StatusDlg                                          Setup.Obs
40   TARGETDIR                                          Setup.Obs
41   TARGETDISK                                         isrt.obl(DebugSymbols.obs)
42   TextSub                                            Setup.Obs
43   UNINST                                             Setup.Obs
44   UNINSTALL_STRING                                   Setup.Obs
45   WINDIR                                             isrt.obl(DebugSymbols.obs)
46   WINDISK                                            isrt.obl(DebugSymbols.obs)
47   WINSYSDIR                                          isrt.obl(DebugSymbols.obs)
48   WINSYSDISK                                         isrt.obl(DebugSymbols.obs)
49   _INT64                                             Setup.Obs
50   _RESTOREINFO_                                      Setup.Obs
51   _RESTOREPTINFO                                     Setup.Obs
52   _SMGRSTATUS                                        Setup.Obs
53   _SMGSTATUS_                                        Setup.Obs
54   _WIN9X                                             Setup.Obs
55   _WINNT                                             Setup.Obs
56   __SYSTEMINFORMATION                                Setup.Obs
57   __hContext                                         isrt.obl(AskYesNo.obs)
58   __objGlobalTextSub                                 Setup.Obs
59   __szGUID                                           isrt.obl(ISRTInit.obs)
60   bBackButton                                        Setup.Obs
61   bCancelButton                                      Setup.Obs
62   bEnterDiskBeep                                     isrt.obl(AskDestPath.obs)
63   bFinishButton                                      Setup.Obs
64   bIFXLFNoToAll                                      Setup.Obs
65   bIFXLFOnRebootToAll                                Setup.Obs
66   bIFXLFYesToAll                                     Setup.Obs
67   bIFXMD5IgnoreToAll                                 Setup.Obs
68   bIFXRONoToAll                                      Setup.Obs
69   bIFXROYesToAll                                     Setup.Obs
70   bIFXSFNoToAll                                      Setup.Obs
71   bIFXSFYesToAll                                     Setup.Obs
72   bIfxPCHInitialized                                 Setup.Obs
73   bIfxPCHOn                                          Setup.Obs
74   bInstall16                                         Setup.Obs
75   bNextButton                                        Setup.Obs
76   bSdInit                                            Setup.Obs
77   bViewCmptKunits                                    Setup.Obs
78   bViewCmptUseDecimal                                Setup.Obs
79   g_bSuppressMissingStringWarning                    isrt.obl(Enable.obs)
80   nIFXROKey                                          ifx.obl(EventsMIO.obs)
81   nIFXSFKey                                          ifx.obl(EventsMIO.obs)
82   nIfxPCHType                                        Setup.Obs
83   szAppKey                                           Setup.Obs
84   szInstallDeinstKey                                 Setup.Obs
85   szSdProduct                                        Setup.Obs
86   szSdStr_NotEnoughSpace                             Setup.Obs
